[8/12/2026 12:38:53 PM] Debug: Session id: 53b2786d-0a21-49d8-9dc6-c4748d4df71c
[8/12/2026 12:38:53 PM] Debug: Code Processor information: Name :SnowConvert, Version: 2.40.0.0
[8/12/2026 12:38:53 PM] Info: Starting to validate parameters
[8/12/2026 12:38:53 PM] Info: Parameters to validate: 
	Execution mode: Conversion
	SourceLanguage: Redshift
	ProjectContextPath: /Users/elieniringiyimana/Documents/test_migration_toool/migration/.scai/conversion-context
	Encoding: 65001
	Arrange: False
	SnowflakeAccountId: SFCOGSOPS-SNOWHOUSE_AWS_US_WEST_2
	SnowflakeUser: ENIRINGIYIMANA
	AppType: cli
	ProjectPath: /Users/elieniringiyimana/Documents/test_migration_toool/migration
	WorkingDirectory: /Users/elieniringiyimana/Documents/test_migration_toool/migration/snowflake
	ArtifactsPath: /Users/elieniringiyimana/Documents/test_migration_toool/migration/artifacts
	EtlTargetBasePath: /Users/elieniringiyimana/Documents/test_migration_toool/migration/snowflake
[8/12/2026 12:38:53 PM] Info: Validation of parameters: Success
[8/12/2026 12:38:53 PM] Debug: Getting code descriptor
[8/12/2026 12:38:53 PM] Debug: Code descriptor information
	Units: 210
	Units type: LOC
	All file bytes: 45709
	All found extensions: .sql
[8/12/2026 12:38:53 PM] Debug: Calculating fingerprint
[8/12/2026 12:38:53 PM] Debug: Fingerprint information Fingerprint(size=45709,projects=1)
[8/12/2026 12:38:53 PM] Info: Starting to validate active license
[8/12/2026 12:38:53 PM] Info: The product does not require a license, there is not a license to validate.
[8/12/2026 12:38:53 PM] Info: Active license validation: Success
[8/12/2026 12:38:53 PM] Debug: License information
[8/12/2026 12:38:53 PM] Debug: Getting license
[8/12/2026 12:38:53 PM] Info: The product does not require a license, there is not an active license.
[8/12/2026 12:38:53 PM] Debug: License information
	Status: Successful
[8/12/2026 12:38:53 PM] Debug: Starting the execution of the controller
[8/12/2026 12:38:53 PM] Debug: Executing the worker: SnowConvert
[8/12/2026 12:39:00 PM] Debug: Finished executing the worker: SnowConvert
[8/12/2026 12:39:00 PM] Debug: Executing the worker: GenericScanner
[8/12/2026 12:39:01 PM] Debug: Finished executing the worker: GenericScanner
[8/12/2026 12:39:02 PM] Info: The product does not require a license, the workload will not be applied.
[8/12/2026 12:39:02 PM] Info: Controller execution ended
[8/12/2026 12:39:02 PM] Info: Starting to upload the Assessment results
[8/12/2026 12:39:04 PM] Info: Successful assessment upload
