[8/12/2026 11:33:29 AM] Debug: Session id: dcd23113-0412-4428-bdd7-d6cb22bc63a8
[8/12/2026 11:33:29 AM] Debug: Code Processor information: Name :SnowConvert, Version: 2.40.0.0
[8/12/2026 11:33:29 AM] Info: Starting to validate parameters
[8/12/2026 11:33:29 AM] Info: Parameters to validate: 
	Execution mode: Assessment
	SourceLanguage: Redshift
	ParseAndAssess: True
	SourceId: vevo-workgroup.307946663293.us-east-1.redshift-serverless.amazonaws.com
	ProjectPath: /Users/elieniringiyimana/Documents/test_migration_toool/migration
	WorkingDirectory: /Users/elieniringiyimana/Documents/test_migration_toool/migration/snowflake
	ArtifactsPath: /Users/elieniringiyimana/Documents/test_migration_toool/migration/artifacts
	EtlTargetBasePath: /Users/elieniringiyimana/Documents/test_migration_toool/migration/snowflake
[8/12/2026 11:33:29 AM] Info: Validation of parameters: Success
[8/12/2026 11:33:29 AM] Debug: Getting code descriptor
[8/12/2026 11:33:29 AM] Debug: Code descriptor information
	Units: 210
	Units type: LOC
	All file bytes: 45709
	All found extensions: .sql
[8/12/2026 11:33:29 AM] Debug: Calculating fingerprint
[8/12/2026 11:33:29 AM] Debug: Fingerprint information Fingerprint(size=45709,projects=1)
[8/12/2026 11:33:29 AM] Info: Starting to validate active license
[8/12/2026 11:33:29 AM] Info: The product does not require a license, there is not a license to validate.
[8/12/2026 11:33:29 AM] Info: Active license validation: Success
[8/12/2026 11:33:29 AM] Debug: License information
[8/12/2026 11:33:29 AM] Debug: Getting license
[8/12/2026 11:33:29 AM] Info: The product does not require a license, there is not an active license.
[8/12/2026 11:33:29 AM] Debug: License information
	Status: Successful
[8/12/2026 11:33:29 AM] Debug: Starting the execution of the controller
[8/12/2026 11:33:29 AM] Debug: Executing the worker: SnowConvert
[8/12/2026 11:33:37 AM] Debug: Finished executing the worker: SnowConvert
[8/12/2026 11:33:37 AM] Debug: Executing the worker: GenericScanner
[8/12/2026 11:33:38 AM] Debug: Finished executing the worker: GenericScanner
[8/12/2026 11:33:39 AM] Info: The product does not require a license, the workload will not be applied.
[8/12/2026 11:33:39 AM] Info: Controller execution ended
