[8/12/2026 11:33:29 AM] Info: SourceLanguage set to RedShift based on the appsettings configuration.
[8/12/2026 11:33:29 AM] Info: Conversion Engine process being executed with the following parameters:
[8/12/2026 11:33:29 AM] Info: 	AccessLevel : General Availability
[8/12/2026 11:33:29 AM] Info: 	AppVersion : 2.40.0-Pr.125
[8/12/2026 11:33:29 AM] Info: 	ArtifactsPath : /Users/elieniringiyimana/Documents/test_migration_toool/migration/artifacts
[8/12/2026 11:33:29 AM] Info: 	AssessmentDirectory : /Users/elieniringiyimana/Documents/test_migration_toool/migration/.scai/.snowconvert/.mobilize/AssessmentModel
[8/12/2026 11:33:29 AM] Info: 	CommonEF : /Users/elieniringiyimana/Documents/test_migration_toool/migration/.scai/.snowconvert/.mobilize/CommonEF
[8/12/2026 11:33:29 AM] Info: 	CustomSchema : 
[8/12/2026 11:33:29 AM] Info: 	EtlTargetBasePath : /Users/elieniringiyimana/Documents/test_migration_toool/migration/snowflake
[8/12/2026 11:33:29 AM] Info: 	IsInputDirectory : True
[8/12/2026 11:33:29 AM] Info: 	outputEncryptionKey : zCXFbH4t4BTRbM4eqx7SGlcUT4xNHP6cd48pkTQY74E=
[8/12/2026 11:33:29 AM] Info: 	OutputEncryptionKey : zCXFbH4t4BTRbM4eqx7SGlcUT4xNHP6cd48pkTQY74E=
[8/12/2026 11:33:29 AM] Info: 	ParseAndAssess : True
[8/12/2026 11:33:29 AM] Info: 	ProjectPath : /Users/elieniringiyimana/Documents/test_migration_toool/migration
[8/12/2026 11:33:29 AM] Info: 	SourceId : vevo-workgroup.307946663293.us-east-1.redshift-serverless.amazonaws.com
[8/12/2026 11:33:29 AM] Info: 	SourceLanguage : Redshift
[8/12/2026 11:33:29 AM] Info: 	TrialModeEnabled : true
[8/12/2026 11:33:29 AM] Info: 	trialModeValue : 5
[8/12/2026 11:33:29 AM] Info: 	WorkingDirectory : /Users/elieniringiyimana/Documents/test_migration_toool/migration/snowflake
[8/12/2026 11:33:33 AM] Info: Starting to analyze the input path '/Users/elieniringiyimana/Documents/test_migration_toool/migration/source'...
[8/12/2026 11:33:33 AM] Info: [Store] inputFileCount=27
[8/12/2026 11:33:33 AM] Info: Parse-and-assess mode enabled - Transformation tasks will be skipped
[8/12/2026 11:33:33 AM] Info: EFProcess 639221492131662310 started
[8/12/2026 11:33:33 AM] Debug: TaskParam TaskProvider = Mobilize.Snow.Common.SnowConvertTaskProvider
[8/12/2026 11:33:33 AM] Debug: TaskParam ConversionBeginTask.Input = /Users/elieniringiyimana/Documents/test_migration_toool/migration/source/input.wsp
[8/12/2026 11:33:33 AM] Debug: TaskParam workingSet = Value is not created.
[8/12/2026 11:33:33 AM] Debug: TaskParam ConversionBeginTask.ItemMetadata = Artinsoft.Common.Store.ItemMetadata
[8/12/2026 11:33:33 AM] Debug: TaskParam ConversionBeginTask.Enabled = True
[8/12/2026 11:33:33 AM] Debug: TaskParam Repository = Value is not created.
[8/12/2026 11:33:33 AM] Debug: TaskParam RepositoryDirectory = /Users/elieniringiyimana/Documents/test_migration_toool/migration/.scai/.snowconvert/.mobilize/CommonEF
[8/12/2026 11:33:33 AM] Info: Found 27 Sql files with a total size of 44.64KB
[8/12/2026 11:33:33 AM] Info: Starting the parsing process of 27 files with 44.64KB of code, this might take a while...
[8/12/2026 11:33:33 AM] Info: Step 1/8 - Loading Code: STARTED
[8/12/2026 11:33:33 AM] Warning: Multiple providers (Mobilize.Ansi.Script.Parser.AnsisLoaderProvider, Mobilize.Spark.Script.Parser.SparksLoaderProvider, Mobilize.Databricks.Script.Parser.DbxsLoaderProvider, Mobilize.Hv.Script.Parser.HvsLoaderProvider) for item .hql were found. Using first one.
[8/12/2026 11:33:34 AM] Error: There is 1 parsing error in the file /Users/elieniringiyimana/Documents/test_migration_toool/migration/source/vevodb/schema/operations.sql
[8/12/2026 11:33:34 AM] Error: operations.sql(1, 63): ** SSC-EWI-0001 - UNRECOGNIZED TOKEN ON LINE '1' COLUMN '63' OF THE SOURCE CODE STARTING AT ':'. EXPECTED 'STATEMENT' GRAMMAR. ** 
[8/12/2026 11:33:34 AM] Error: There is 1 parsing error in the file /Users/elieniringiyimana/Documents/test_migration_toool/migration/source/vevodb/schema/analytics.sql
[8/12/2026 11:33:34 AM] Error: analytics.sql(1, 62): ** SSC-EWI-0001 - UNRECOGNIZED TOKEN ON LINE '1' COLUMN '62' OF THE SOURCE CODE STARTING AT ':'. EXPECTED 'STATEMENT' GRAMMAR. ** 
[8/12/2026 11:33:34 AM] Error: There is 1 parsing error in the file /Users/elieniringiyimana/Documents/test_migration_toool/migration/source/vevodb/schema/music_catalog.sql
[8/12/2026 11:33:34 AM] Error: music_catalog.sql(1, 66): ** SSC-EWI-0001 - UNRECOGNIZED TOKEN ON LINE '1' COLUMN '66' OF THE SOURCE CODE STARTING AT ':'. EXPECTED 'STATEMENT' GRAMMAR. ** 
[8/12/2026 11:33:34 AM] Error: There is 1 parsing error in the file /Users/elieniringiyimana/Documents/test_migration_toool/migration/source/vevodb/schema/staging.sql
[8/12/2026 11:33:34 AM] Error: staging.sql(1, 60): ** SSC-EWI-0001 - UNRECOGNIZED TOKEN ON LINE '1' COLUMN '60' OF THE SOURCE CODE STARTING AT ':'. EXPECTED 'STATEMENT' GRAMMAR. ** 
[8/12/2026 11:33:34 AM] Error: There is 1 parsing error in the file /Users/elieniringiyimana/Documents/test_migration_toool/migration/source/vevodb/schema/spectrum_data.sql
[8/12/2026 11:33:34 AM] Error: spectrum_data.sql(1, 66): ** SSC-EWI-0001 - UNRECOGNIZED TOKEN ON LINE '1' COLUMN '66' OF THE SOURCE CODE STARTING AT ':'. EXPECTED 'STATEMENT' GRAMMAR. ** 
[8/12/2026 11:33:34 AM] Info: Step 1/8 - Loading Code: COMPLETED
[8/12/2026 11:33:34 AM] Debug: TaskParam TaskProvider = Mobilize.Snow.Common.SnowConvertTaskProvider
[8/12/2026 11:33:34 AM] Debug: TaskParam SymbolTableFillingTask.Input = /Users/elieniringiyimana/Documents/test_migration_toool/migration/source/input.wsp
[8/12/2026 11:33:34 AM] Debug: TaskParam workingSet = Artinsoft.Common.Store.RepositoryWorkingSet
[8/12/2026 11:33:34 AM] Debug: TaskParam SymbolTableFillingTask.ItemMetadata = Artinsoft.Common.Store.ItemMetadata
[8/12/2026 11:33:34 AM] Debug: TaskParam SymbolTableFillingTask.Enabled = True
[8/12/2026 11:33:34 AM] Debug: TaskParam Repository = Artinsoft.Common.Store.Repository
[8/12/2026 11:33:34 AM] Debug: TaskParam RepositoryDirectory = /Users/elieniringiyimana/Documents/test_migration_toool/migration/.scai/.snowconvert/.mobilize/CommonEF
[8/12/2026 11:33:34 AM] Info: Step 2/8 - Semantic Analysis of Tables: STARTED
[8/12/2026 11:33:34 AM] Warning: Multiple providers (Mobilize.Ansi.Script.Parser.AnsisLoaderProvider, Mobilize.Spark.Script.Parser.SparksLoaderProvider, Mobilize.Databricks.Script.Parser.DbxsLoaderProvider, Mobilize.Hv.Script.Parser.HvsLoaderProvider) for item .hql were found. Using first one.
[8/12/2026 11:33:34 AM] Info: Step 2/8 - Semantic Analysis of Tables: COMPLETED
[8/12/2026 11:33:34 AM] Debug: TaskParam TaskProvider = Mobilize.Snow.Common.SnowConvertTaskProvider
[8/12/2026 11:33:34 AM] Debug: TaskParam SymbolTableFillingSecondTask.Input = /Users/elieniringiyimana/Documents/test_migration_toool/migration/source/input.wsp
[8/12/2026 11:33:34 AM] Debug: TaskParam workingSet = Artinsoft.Common.Store.RepositoryWorkingSet
[8/12/2026 11:33:34 AM] Debug: TaskParam SymbolTableFillingSecondTask.ItemMetadata = Artinsoft.Common.Store.ItemMetadata
[8/12/2026 11:33:34 AM] Debug: TaskParam SymbolTableFillingSecondTask.Enabled = True
[8/12/2026 11:33:34 AM] Debug: TaskParam Repository = Artinsoft.Common.Store.Repository
[8/12/2026 11:33:34 AM] Debug: TaskParam RepositoryDirectory = /Users/elieniringiyimana/Documents/test_migration_toool/migration/.scai/.snowconvert/.mobilize/CommonEF
[8/12/2026 11:33:34 AM] Info: Step 3/8 - Semantic Analysis of Top Level Objects: STARTED
[8/12/2026 11:33:34 AM] Info: Step 3/8 - Semantic Analysis of Top Level Objects: STORING
[8/12/2026 11:33:34 AM] Info: Step 3/8 - Semantic Analysis of Top Level Objects: STORED
[8/12/2026 11:33:34 AM] Info: Step 3/8 - Semantic Analysis of Top Level Objects: COMPLETED
[8/12/2026 11:33:34 AM] Debug: TaskParam TaskProvider = Mobilize.Snow.Common.SnowConvertTaskProvider
[8/12/2026 11:33:34 AM] Debug: TaskParam PreProcessTask.Input = /Users/elieniringiyimana/Documents/test_migration_toool/migration/source/input.wsp
[8/12/2026 11:33:34 AM] Debug: TaskParam workingSet = Artinsoft.Common.Store.RepositoryWorkingSet
[8/12/2026 11:33:34 AM] Debug: TaskParam PreProcessTask.ItemMetadata = Artinsoft.Common.Store.ItemMetadata
[8/12/2026 11:33:34 AM] Debug: TaskParam PreProcessTask.Enabled = True
[8/12/2026 11:33:34 AM] Debug: TaskParam Repository = Artinsoft.Common.Store.Repository
[8/12/2026 11:33:34 AM] Debug: TaskParam RepositoryDirectory = /Users/elieniringiyimana/Documents/test_migration_toool/migration/.scai/.snowconvert/.mobilize/CommonEF
[8/12/2026 11:33:34 AM] Info: Step 4/8 - Pre-Processing: STARTED
[8/12/2026 11:33:34 AM] Info: Step 4/8 - Pre-Processing: COMPLETED
[8/12/2026 11:33:34 AM] Debug: TaskParam Lineage.Input = /Users/elieniringiyimana/Documents/test_migration_toool/migration/source/input.wsp
[8/12/2026 11:33:34 AM] Debug: TaskParam workingSet = Artinsoft.Common.Store.RepositoryWorkingSet
[8/12/2026 11:33:34 AM] Debug: TaskParam Lineage.ItemMetadata = Artinsoft.Common.Store.ItemMetadata
[8/12/2026 11:33:34 AM] Debug: TaskParam Lineage.Enabled = True
[8/12/2026 11:33:34 AM] Debug: TaskParam Repository = Artinsoft.Common.Store.Repository
[8/12/2026 11:33:34 AM] Debug: TaskParam RepositoryDirectory = /Users/elieniringiyimana/Documents/test_migration_toool/migration/.scai/.snowconvert/.mobilize/CommonEF
[8/12/2026 11:33:34 AM] Info: Step 5/8 - Data lineage analysis: STARTED
[8/12/2026 11:33:34 AM] Info: Step 5/8 - Data lineage analysis: COMPLETED
[8/12/2026 11:33:34 AM] Debug: TaskParam TaskProvider = Mobilize.Snow.Common.SnowConvertTaskProvider
[8/12/2026 11:33:34 AM] Debug: TaskParam PreConversionAssessmentTask.Input = /Users/elieniringiyimana/Documents/test_migration_toool/migration/source/input.wsp
[8/12/2026 11:33:34 AM] Debug: TaskParam workingSet = Artinsoft.Common.Store.RepositoryWorkingSet
[8/12/2026 11:33:34 AM] Debug: TaskParam PreConversionAssessmentTask.ItemMetadata = Artinsoft.Common.Store.ItemMetadata
[8/12/2026 11:33:34 AM] Debug: TaskParam PreConversionAssessmentTask.Enabled = True
[8/12/2026 11:33:34 AM] Debug: TaskParam Repository = Artinsoft.Common.Store.Repository
[8/12/2026 11:33:34 AM] Debug: TaskParam RepositoryDirectory = /Users/elieniringiyimana/Documents/test_migration_toool/migration/.scai/.snowconvert/.mobilize/CommonEF
[8/12/2026 11:33:34 AM] Info: Step 6/8 - Pre-Conversion Assessment: STARTED
[8/12/2026 11:33:35 AM] Info: Step 6/8 - Pre-Conversion Assessment: COMPLETED
[8/12/2026 11:33:35 AM] Debug: TaskParam SnowScript = False
[8/12/2026 11:33:35 AM] Debug: TaskParam reportPath = /Users/elieniringiyimana/Documents/test_migration_toool/migration/reports/SnowConvert
[8/12/2026 11:33:35 AM] Debug: TaskParam totalProcessedLOC = 0
[8/12/2026 11:33:35 AM] Debug: TaskParam inputPath = /Users/elieniringiyimana/Documents/test_migration_toool/migration/source
[8/12/2026 11:33:35 AM] Debug: TaskParam outputPath = /Users/elieniringiyimana/Documents/test_migration_toool/migration/.scai/.snowconvert
[8/12/2026 11:33:35 AM] Debug: TaskParam SessionTimestamp = 20260812.113329
[8/12/2026 11:33:35 AM] Debug: TaskParam snowConfiguration = Mobilize.Snow.Configuration.SnowConfiguration
[8/12/2026 11:33:35 AM] Debug: TaskParam DashboardMode = False
[8/12/2026 11:33:35 AM] Debug: TaskParam writeResultsProgressDescriptor = Mobilize.Common.Utils.Progress.SingleProgressDescriptor
[8/12/2026 11:33:35 AM] Debug: TaskParam snowExecutionResult = Mobilize.Snow.Assessment.SnowExecutionResult
[8/12/2026 11:33:35 AM] Debug: TaskParam ConversionEndTask.Input = /Users/elieniringiyimana/Documents/test_migration_toool/migration/source/input.wsp
[8/12/2026 11:33:35 AM] Debug: TaskParam workingSet = Artinsoft.Common.Store.RepositoryWorkingSet
[8/12/2026 11:33:35 AM] Debug: TaskParam ConversionEndTask.ItemMetadata = Artinsoft.Common.Store.ItemMetadata
[8/12/2026 11:33:35 AM] Debug: TaskParam ConversionEndTask.Enabled = True
[8/12/2026 11:33:35 AM] Debug: TaskParam Repository = Artinsoft.Common.Store.Repository
[8/12/2026 11:33:35 AM] Debug: TaskParam RepositoryDirectory = /Users/elieniringiyimana/Documents/test_migration_toool/migration/.scai/.snowconvert/.mobilize/CommonEF
[8/12/2026 11:33:35 AM] Info: [CUR] Step 1: Registry Initialization
[8/12/2026 11:33:35 AM] Info: [CUR] Step 2: 27 code unit entries built
[8/12/2026 11:33:35 AM] Info: [CUR] Step 3: Upsert Batch
[8/12/2026 11:33:35 AM] Info: [CUR] Step 4: Missing Entries Creation
[8/12/2026 11:33:35 AM] Info: [CUR] Step 5: Dependencies Update
[8/12/2026 11:33:35 AM] Info: [CUR] Done
[8/12/2026 11:33:35 AM] Info: EFProcess 639221492131662310 ended. Execution time: 00:00:01.9584480
[8/12/2026 11:33:35 AM] Info: STARTED Step 8/8: Stats and Reports
[8/12/2026 11:33:35 AM] Info: [Testbed] Wrote 16 artifact(s).
[8/12/2026 11:33:35 AM] Info: Uploading metadata
[8/12/2026 11:33:35 AM] Info: COMPLETED Step 8/8: Stats and Reports
[8/12/2026 11:33:35 AM] Info: 
==============================================================================
SnowConvert assessment execution summary
 - Files: 27
 - Files Not Generated: 0
 - Total lines of code: 210
 - Automatically converted: 0%
 - Conversion time: 00:00:02
 - Conversion speed: 102 lines of code per second
See the report files for more details about the conversion status.
==============================================================================

[8/12/2026 11:33:35 AM] Info: 
==============================================================================
SnowConvert Tool.
Copyright © 2023-2026 Snowflake Inc. All rights reserved.
==============================================================================

[8/12/2026 11:33:35 AM] Info: Post-processing Code: STARTED
[8/12/2026 11:33:35 AM] Info: Executing post-process task: 'PostgreSQL Python Function Uncomment Post-Process Task'
[8/12/2026 11:33:35 AM] Info: Post-processing Code: COMPLETED
