[8/12/2026 10:13:47 PM] Info: ========================================
[8/12/2026 10:13:47 PM] Info: Starting Code Deployment
[8/12/2026 10:13:47 PM] Info: ========================================
[8/12/2026 10:13:47 PM] Info: Target Database: VEVODB
[8/12/2026 10:13:47 PM] Info: Connection ID: SNOWLAKE_GLOBAL
[8/12/2026 10:13:47 PM] Info: Retry Attempts: 1
[8/12/2026 10:13:47 PM] Info: Where Filter: (source.canonicalName = 'vevodb.analytics.sp_refresh_daily_summary(DATE)' OR (source.schema = 'vevodb.analytics' AND source.name = 'sp_refresh_daily_summary'))
[8/12/2026 10:13:47 PM] Info: Continue On Error: True
[8/12/2026 10:13:47 PM] Info: ========================================
[8/12/2026 10:13:47 PM] Warn: Deploying Procedure vevodb.analytics.sp_refresh_daily_summary - FAILED: Error: JavaScript execution error: Uncaught Execution of multiple statements failed on statement "CREATE OR REPLACE PROCEDURE an..." (at line 2, position 0).
SQL compilation error:
syntax error line 3 at position 2 unexpected 'REFRESH'.
syntax error line 3 at position 23 unexpected 'VIEW'. in SYSTEM$MULTISTMT at '    throw `Execution of multiple statements failed on statement {0} (at line {1}, position {2}).`.replace('{1}', LINES[i])' position 4
stackstrace: 
SYSTEM$MULTISTMT line: 10 SqlState: P0000, VendorCode: 100132, QueryId: 01c65955-0202-b777-0011-73e30192ff1a
[8/12/2026 10:13:48 PM] Info: ========================================
[8/12/2026 10:13:48 PM] Info: Code Deployment Completed with Errors
[8/12/2026 10:13:48 PM] Info: Total Objects: 1
[8/12/2026 10:13:48 PM] Info: Successful: 0
[8/12/2026 10:13:48 PM] Info: Failed: 1
[8/12/2026 10:13:48 PM] Info: Average Time per Object: 0.77s
[8/12/2026 10:13:48 PM] Info: Execution Time: 00:00:00
[8/12/2026 10:13:48 PM] Info: ========================================
